<testsuites id="" name="" tests="330" failures="0" skipped="330" errors="0" time="0.21685700000000002">
<testsuite name="accessibility.spec.ts" timestamp="2025-08-12T10:04:44.765Z" hostname="chromium" tests="8" failures="0" skipped="8" time="0" errors="0">
<testcase name="Accessibility Tests › sign in page accessibility" classname="accessibility.spec.ts" time="0">
<skipped>
</skipped>
</testcase>
<testcase name="Accessibility Tests › dashboard accessibility after login" classname="accessibility.spec.ts" time="0">
<skipped>
</skipped>
</testcase>
<testcase name="Accessibility Tests › form accessibility and error handling" classname="accessibility.spec.ts" time="0">
<skipped>
</skipped>
</testcase>
<testcase name="Accessibility Tests › navigation accessibility" classname="accessibility.spec.ts" time="0">
<skipped>
</skipped>
</testcase>
<testcase name="Accessibility Tests › color contrast and visual accessibility" classname="accessibility.spec.ts" time="0">
<skipped>
</skipped>
</testcase>
<testcase name="Accessibility Tests › screen reader compatibility" classname="accessibility.spec.ts" time="0">
<skipped>
</skipped>
</testcase>
<testcase name="Accessibility Tests › mobile accessibility" classname="accessibility.spec.ts" time="0">
<skipped>
</skipped>
</testcase>
<testcase name="Accessibility Tests › focus trap in modals" classname="accessibility.spec.ts" time="0">
<skipped>
</skipped>
</testcase>
</testsuite>
<testsuite name="admin-dashboard.spec.ts" timestamp="2025-08-12T10:04:44.765Z" hostname="chromium" tests="9" failures="0" skipped="9" time="0" errors="0">
<testcase name="Admin Dashboard › admin dashboard overview" classname="admin-dashboard.spec.ts" time="0">
<skipped>
</skipped>
</testcase>
<testcase name="Admin Dashboard › user management" classname="admin-dashboard.spec.ts" time="0">
<skipped>
</skipped>
</testcase>
<testcase name="Admin Dashboard › view user details and edit user" classname="admin-dashboard.spec.ts" time="0">
<skipped>
</skipped>
</testcase>
<testcase name="Admin Dashboard › system analytics" classname="admin-dashboard.spec.ts" time="0">
<skipped>
</skipped>
</testcase>
<testcase name="Admin Dashboard › system settings management" classname="admin-dashboard.spec.ts" time="0">
<skipped>
</skipped>
</testcase>
<testcase name="Admin Dashboard › manage session reports" classname="admin-dashboard.spec.ts" time="0">
<skipped>
</skipped>
</testcase>
<testcase name="Admin Dashboard › audit logs and monitoring" classname="admin-dashboard.spec.ts" time="0">
<skipped>
</skipped>
</testcase>
<testcase name="Admin Dashboard › backup and maintenance" classname="admin-dashboard.spec.ts" time="0">
<skipped>
</skipped>
</testcase>
<testcase name="Admin Dashboard › user role management" classname="admin-dashboard.spec.ts" time="0">
<skipped>
</skipped>
</testcase>
</testsuite>
<testsuite name="auth.spec.ts" timestamp="2025-08-12T10:04:44.765Z" hostname="chromium" tests="12" failures="0" skipped="12" time="0" errors="0">
<testcase name="Authentication Flow › complete signin flow" classname="auth.spec.ts" time="0">
<skipped>
</skipped>
</testcase>
<testcase name="Authentication Flow › signin validation errors" classname="auth.spec.ts" time="0">
<skipped>
</skipped>
</testcase>
<testcase name="Authentication Flow › signin error handling" classname="auth.spec.ts" time="0">
<skipped>
</skipped>
</testcase>
<testcase name="Authentication Flow › signup flow" classname="auth.spec.ts" time="0">
<skipped>
</skipped>
</testcase>
<testcase name="Authentication Flow › signout flow" classname="auth.spec.ts" time="0">
<skipped>
</skipped>
</testcase>
<testcase name="Authentication Flow › protected route access" classname="auth.spec.ts" time="0">
<skipped>
</skipped>
</testcase>
<testcase name="Authentication Flow › role-based access control" classname="auth.spec.ts" time="0">
<skipped>
</skipped>
</testcase>
<testcase name="Authentication Flow › session persistence" classname="auth.spec.ts" time="0">
<skipped>
</skipped>
</testcase>
<testcase name="Authentication Flow › password reset flow" classname="auth.spec.ts" time="0">
<skipped>
</skipped>
</testcase>
<testcase name="Authentication Flow › coach role-based access" classname="auth.spec.ts" time="0">
<skipped>
</skipped>
</testcase>
<testcase name="Authentication Flow › admin role-based access" classname="auth.spec.ts" time="0">
<skipped>
</skipped>
</testcase>
<testcase name="Authentication Flow › session timeout handling" classname="auth.spec.ts" time="0">
<skipped>
</skipped>
</testcase>
</testsuite>
<testsuite name="client-dashboard.spec.ts" timestamp="2025-08-12T10:04:44.765Z" hostname="chromium" tests="10" failures="0" skipped="10" time="0" errors="0">
<testcase name="Client Dashboard › client dashboard overview" classname="client-dashboard.spec.ts" time="0">
<skipped>
</skipped>
</testcase>
<testcase name="Client Dashboard › book new session from dashboard" classname="client-dashboard.spec.ts" time="0">
<skipped>
</skipped>
</testcase>
<testcase name="Client Dashboard › view session history" classname="client-dashboard.spec.ts" time="0">
<skipped>
</skipped>
</testcase>
<testcase name="Client Dashboard › access coaches page" classname="client-dashboard.spec.ts" time="0">
<skipped>
</skipped>
</testcase>
<testcase name="Client Dashboard › manage reflections" classname="client-dashboard.spec.ts" time="0">
<skipped>
</skipped>
</testcase>
<testcase name="Client Dashboard › view progress tracking" classname="client-dashboard.spec.ts" time="0">
<skipped>
</skipped>
</testcase>
<testcase name="Client Dashboard › update profile information" classname="client-dashboard.spec.ts" time="0">
<skipped>
</skipped>
</testcase>
<testcase name="Client Dashboard › notification settings" classname="client-dashboard.spec.ts" time="0">
<skipped>
</skipped>
</testcase>
<testcase name="Client Dashboard › language settings" classname="client-dashboard.spec.ts" time="0">
<skipped>
</skipped>
</testcase>
<testcase name="Client Dashboard › view session feedback" classname="client-dashboard.spec.ts" time="0">
<skipped>
</skipped>
</testcase>
</testsuite>
<testsuite name="coach-dashboard.spec.ts" timestamp="2025-08-12T10:04:44.765Z" hostname="chromium" tests="11" failures="0" skipped="11" time="0" errors="0">
<testcase name="Coach Dashboard › coach dashboard overview" classname="coach-dashboard.spec.ts" time="0">
<skipped>
</skipped>
</testcase>
<testcase name="Coach Dashboard › manage availability" classname="coach-dashboard.spec.ts" time="0">
<skipped>
</skipped>
</testcase>
<testcase name="Coach Dashboard › view and manage client notes" classname="coach-dashboard.spec.ts" time="0">
<skipped>
</skipped>
</testcase>
<testcase name="Coach Dashboard › search and filter notes" classname="coach-dashboard.spec.ts" time="0">
<skipped>
</skipped>
</testcase>
<testcase name="Coach Dashboard › session management from coach view" classname="coach-dashboard.spec.ts" time="0">
<skipped>
</skipped>
</testcase>
<testcase name="Coach Dashboard › mark session as completed" classname="coach-dashboard.spec.ts" time="0">
<skipped>
</skipped>
</testcase>
<testcase name="Coach Dashboard › view client progress and history" classname="coach-dashboard.spec.ts" time="0">
<skipped>
</skipped>
</testcase>
<testcase name="Coach Dashboard › coach statistics and analytics" classname="coach-dashboard.spec.ts" time="0">
<skipped>
</skipped>
</testcase>
<testcase name="Coach Dashboard › export coach data" classname="coach-dashboard.spec.ts" time="0">
<skipped>
</skipped>
</testcase>
<testcase name="Coach Dashboard › coach availability edit flow" classname="coach-dashboard.spec.ts" time="0">
<skipped>
</skipped>
</testcase>
<testcase name="Coach Dashboard › delete availability time slot" classname="coach-dashboard.spec.ts" time="0">
<skipped>
</skipped>
</testcase>
</testsuite>
<testsuite name="session-booking.spec.ts" timestamp="2025-08-12T10:04:44.765Z" hostname="chromium" tests="11" failures="0" skipped="11" time="0" errors="0">
<testcase name="Session Booking Flow › complete session booking flow" classname="session-booking.spec.ts" time="0">
<skipped>
</skipped>
</testcase>
<testcase name="Session Booking Flow › session booking validation" classname="session-booking.spec.ts" time="0">
<skipped>
</skipped>
</testcase>
<testcase name="Session Booking Flow › time slot updates when coach changes" classname="session-booking.spec.ts" time="0">
<skipped>
</skipped>
</testcase>
<testcase name="Session Booking Flow › unavailable time slots are not selectable" classname="session-booking.spec.ts" time="0">
<skipped>
</skipped>
</testcase>
<testcase name="Session Booking Flow › session booking error handling" classname="session-booking.spec.ts" time="0">
<skipped>
</skipped>
</testcase>
<testcase name="Session Booking Flow › view session details" classname="session-booking.spec.ts" time="0">
<skipped>
</skipped>
</testcase>
<testcase name="Session Booking Flow › cancel session booking" classname="session-booking.spec.ts" time="0">
<skipped>
</skipped>
</testcase>
<testcase name="Session Booking Flow › reschedule session" classname="session-booking.spec.ts" time="0">
<skipped>
</skipped>
</testcase>
<testcase name="Session Booking Flow › session filters and search" classname="session-booking.spec.ts" time="0">
<skipped>
</skipped>
</testcase>
<testcase name="Session Booking Flow › session reminders and notifications" classname="session-booking.spec.ts" time="0">
<skipped>
</skipped>
</testcase>
<testcase name="Session Booking Flow › booking confirmation and summary" classname="session-booking.spec.ts" time="0">
<skipped>
</skipped>
</testcase>
</testsuite>
<testsuite name="session-lifecycle.spec.ts" timestamp="2025-08-12T10:04:44.765Z" hostname="chromium" tests="5" failures="0" skipped="5" time="0" errors="0">
<testcase name="Session Lifecycle End-to-End › complete session workflow: book → start → complete" classname="session-lifecycle.spec.ts" time="0">
<skipped>
</skipped>
</testcase>
<testcase name="Session Lifecycle End-to-End › session cancellation workflow" classname="session-lifecycle.spec.ts" time="0">
<skipped>
</skipped>
</testcase>
<testcase name="Session Lifecycle End-to-End › session state validation" classname="session-lifecycle.spec.ts" time="0">
<skipped>
</skipped>
</testcase>
<testcase name="Session Lifecycle End-to-End › unified booking component variants" classname="session-lifecycle.spec.ts" time="0">
<skipped>
</skipped>
</testcase>
<testcase name="Session Lifecycle End-to-End › session permissions and access control" classname="session-lifecycle.spec.ts" time="0">
<skipped>
</skipped>
</testcase>
</testsuite>
<testsuite name="accessibility.spec.ts" timestamp="2025-08-12T10:04:44.765Z" hostname="firefox" tests="8" failures="0" skipped="8" time="0" errors="0">
<testcase name="Accessibility Tests › sign in page accessibility" classname="accessibility.spec.ts" time="0">
<skipped>
</skipped>
</testcase>
<testcase name="Accessibility Tests › dashboard accessibility after login" classname="accessibility.spec.ts" time="0">
<skipped>
</skipped>
</testcase>
<testcase name="Accessibility Tests › form accessibility and error handling" classname="accessibility.spec.ts" time="0">
<skipped>
</skipped>
</testcase>
<testcase name="Accessibility Tests › navigation accessibility" classname="accessibility.spec.ts" time="0">
<skipped>
</skipped>
</testcase>
<testcase name="Accessibility Tests › color contrast and visual accessibility" classname="accessibility.spec.ts" time="0">
<skipped>
</skipped>
</testcase>
<testcase name="Accessibility Tests › screen reader compatibility" classname="accessibility.spec.ts" time="0">
<skipped>
</skipped>
</testcase>
<testcase name="Accessibility Tests › mobile accessibility" classname="accessibility.spec.ts" time="0">
<skipped>
</skipped>
</testcase>
<testcase name="Accessibility Tests › focus trap in modals" classname="accessibility.spec.ts" time="0">
<skipped>
</skipped>
</testcase>
</testsuite>
<testsuite name="admin-dashboard.spec.ts" timestamp="2025-08-12T10:04:44.765Z" hostname="firefox" tests="9" failures="0" skipped="9" time="0" errors="0">
<testcase name="Admin Dashboard › admin dashboard overview" classname="admin-dashboard.spec.ts" time="0">
<skipped>
</skipped>
</testcase>
<testcase name="Admin Dashboard › user management" classname="admin-dashboard.spec.ts" time="0">
<skipped>
</skipped>
</testcase>
<testcase name="Admin Dashboard › view user details and edit user" classname="admin-dashboard.spec.ts" time="0">
<skipped>
</skipped>
</testcase>
<testcase name="Admin Dashboard › system analytics" classname="admin-dashboard.spec.ts" time="0">
<skipped>
</skipped>
</testcase>
<testcase name="Admin Dashboard › system settings management" classname="admin-dashboard.spec.ts" time="0">
<skipped>
</skipped>
</testcase>
<testcase name="Admin Dashboard › manage session reports" classname="admin-dashboard.spec.ts" time="0">
<skipped>
</skipped>
</testcase>
<testcase name="Admin Dashboard › audit logs and monitoring" classname="admin-dashboard.spec.ts" time="0">
<skipped>
</skipped>
</testcase>
<testcase name="Admin Dashboard › backup and maintenance" classname="admin-dashboard.spec.ts" time="0">
<skipped>
</skipped>
</testcase>
<testcase name="Admin Dashboard › user role management" classname="admin-dashboard.spec.ts" time="0">
<skipped>
</skipped>
</testcase>
</testsuite>
<testsuite name="auth.spec.ts" timestamp="2025-08-12T10:04:44.765Z" hostname="firefox" tests="12" failures="0" skipped="12" time="0" errors="0">
<testcase name="Authentication Flow › complete signin flow" classname="auth.spec.ts" time="0">
<skipped>
</skipped>
</testcase>
<testcase name="Authentication Flow › signin validation errors" classname="auth.spec.ts" time="0">
<skipped>
</skipped>
</testcase>
<testcase name="Authentication Flow › signin error handling" classname="auth.spec.ts" time="0">
<skipped>
</skipped>
</testcase>
<testcase name="Authentication Flow › signup flow" classname="auth.spec.ts" time="0">
<skipped>
</skipped>
</testcase>
<testcase name="Authentication Flow › signout flow" classname="auth.spec.ts" time="0">
<skipped>
</skipped>
</testcase>
<testcase name="Authentication Flow › protected route access" classname="auth.spec.ts" time="0">
<skipped>
</skipped>
</testcase>
<testcase name="Authentication Flow › role-based access control" classname="auth.spec.ts" time="0">
<skipped>
</skipped>
</testcase>
<testcase name="Authentication Flow › session persistence" classname="auth.spec.ts" time="0">
<skipped>
</skipped>
</testcase>
<testcase name="Authentication Flow › password reset flow" classname="auth.spec.ts" time="0">
<skipped>
</skipped>
</testcase>
<testcase name="Authentication Flow › coach role-based access" classname="auth.spec.ts" time="0">
<skipped>
</skipped>
</testcase>
<testcase name="Authentication Flow › admin role-based access" classname="auth.spec.ts" time="0">
<skipped>
</skipped>
</testcase>
<testcase name="Authentication Flow › session timeout handling" classname="auth.spec.ts" time="0">
<skipped>
</skipped>
</testcase>
</testsuite>
<testsuite name="client-dashboard.spec.ts" timestamp="2025-08-12T10:04:44.765Z" hostname="firefox" tests="10" failures="0" skipped="10" time="0" errors="0">
<testcase name="Client Dashboard › client dashboard overview" classname="client-dashboard.spec.ts" time="0">
<skipped>
</skipped>
</testcase>
<testcase name="Client Dashboard › book new session from dashboard" classname="client-dashboard.spec.ts" time="0">
<skipped>
</skipped>
</testcase>
<testcase name="Client Dashboard › view session history" classname="client-dashboard.spec.ts" time="0">
<skipped>
</skipped>
</testcase>
<testcase name="Client Dashboard › access coaches page" classname="client-dashboard.spec.ts" time="0">
<skipped>
</skipped>
</testcase>
<testcase name="Client Dashboard › manage reflections" classname="client-dashboard.spec.ts" time="0">
<skipped>
</skipped>
</testcase>
<testcase name="Client Dashboard › view progress tracking" classname="client-dashboard.spec.ts" time="0">
<skipped>
</skipped>
</testcase>
<testcase name="Client Dashboard › update profile information" classname="client-dashboard.spec.ts" time="0">
<skipped>
</skipped>
</testcase>
<testcase name="Client Dashboard › notification settings" classname="client-dashboard.spec.ts" time="0">
<skipped>
</skipped>
</testcase>
<testcase name="Client Dashboard › language settings" classname="client-dashboard.spec.ts" time="0">
<skipped>
</skipped>
</testcase>
<testcase name="Client Dashboard › view session feedback" classname="client-dashboard.spec.ts" time="0">
<skipped>
</skipped>
</testcase>
</testsuite>
<testsuite name="coach-dashboard.spec.ts" timestamp="2025-08-12T10:04:44.765Z" hostname="firefox" tests="11" failures="0" skipped="11" time="0" errors="0">
<testcase name="Coach Dashboard › coach dashboard overview" classname="coach-dashboard.spec.ts" time="0">
<skipped>
</skipped>
</testcase>
<testcase name="Coach Dashboard › manage availability" classname="coach-dashboard.spec.ts" time="0">
<skipped>
</skipped>
</testcase>
<testcase name="Coach Dashboard › view and manage client notes" classname="coach-dashboard.spec.ts" time="0">
<skipped>
</skipped>
</testcase>
<testcase name="Coach Dashboard › search and filter notes" classname="coach-dashboard.spec.ts" time="0">
<skipped>
</skipped>
</testcase>
<testcase name="Coach Dashboard › session management from coach view" classname="coach-dashboard.spec.ts" time="0">
<skipped>
</skipped>
</testcase>
<testcase name="Coach Dashboard › mark session as completed" classname="coach-dashboard.spec.ts" time="0">
<skipped>
</skipped>
</testcase>
<testcase name="Coach Dashboard › view client progress and history" classname="coach-dashboard.spec.ts" time="0">
<skipped>
</skipped>
</testcase>
<testcase name="Coach Dashboard › coach statistics and analytics" classname="coach-dashboard.spec.ts" time="0">
<skipped>
</skipped>
</testcase>
<testcase name="Coach Dashboard › export coach data" classname="coach-dashboard.spec.ts" time="0">
<skipped>
</skipped>
</testcase>
<testcase name="Coach Dashboard › coach availability edit flow" classname="coach-dashboard.spec.ts" time="0">
<skipped>
</skipped>
</testcase>
<testcase name="Coach Dashboard › delete availability time slot" classname="coach-dashboard.spec.ts" time="0">
<skipped>
</skipped>
</testcase>
</testsuite>
<testsuite name="session-booking.spec.ts" timestamp="2025-08-12T10:04:44.765Z" hostname="firefox" tests="11" failures="0" skipped="11" time="0" errors="0">
<testcase name="Session Booking Flow › complete session booking flow" classname="session-booking.spec.ts" time="0">
<skipped>
</skipped>
</testcase>
<testcase name="Session Booking Flow › session booking validation" classname="session-booking.spec.ts" time="0">
<skipped>
</skipped>
</testcase>
<testcase name="Session Booking Flow › time slot updates when coach changes" classname="session-booking.spec.ts" time="0">
<skipped>
</skipped>
</testcase>
<testcase name="Session Booking Flow › unavailable time slots are not selectable" classname="session-booking.spec.ts" time="0">
<skipped>
</skipped>
</testcase>
<testcase name="Session Booking Flow › session booking error handling" classname="session-booking.spec.ts" time="0">
<skipped>
</skipped>
</testcase>
<testcase name="Session Booking Flow › view session details" classname="session-booking.spec.ts" time="0">
<skipped>
</skipped>
</testcase>
<testcase name="Session Booking Flow › cancel session booking" classname="session-booking.spec.ts" time="0">
<skipped>
</skipped>
</testcase>
<testcase name="Session Booking Flow › reschedule session" classname="session-booking.spec.ts" time="0">
<skipped>
</skipped>
</testcase>
<testcase name="Session Booking Flow › session filters and search" classname="session-booking.spec.ts" time="0">
<skipped>
</skipped>
</testcase>
<testcase name="Session Booking Flow › session reminders and notifications" classname="session-booking.spec.ts" time="0">
<skipped>
</skipped>
</testcase>
<testcase name="Session Booking Flow › booking confirmation and summary" classname="session-booking.spec.ts" time="0">
<skipped>
</skipped>
</testcase>
</testsuite>
<testsuite name="session-lifecycle.spec.ts" timestamp="2025-08-12T10:04:44.765Z" hostname="firefox" tests="5" failures="0" skipped="5" time="0" errors="0">
<testcase name="Session Lifecycle End-to-End › complete session workflow: book → start → complete" classname="session-lifecycle.spec.ts" time="0">
<skipped>
</skipped>
</testcase>
<testcase name="Session Lifecycle End-to-End › session cancellation workflow" classname="session-lifecycle.spec.ts" time="0">
<skipped>
</skipped>
</testcase>
<testcase name="Session Lifecycle End-to-End › session state validation" classname="session-lifecycle.spec.ts" time="0">
<skipped>
</skipped>
</testcase>
<testcase name="Session Lifecycle End-to-End › unified booking component variants" classname="session-lifecycle.spec.ts" time="0">
<skipped>
</skipped>
</testcase>
<testcase name="Session Lifecycle End-to-End › session permissions and access control" classname="session-lifecycle.spec.ts" time="0">
<skipped>
</skipped>
</testcase>
</testsuite>
<testsuite name="accessibility.spec.ts" timestamp="2025-08-12T10:04:44.765Z" hostname="webkit" tests="8" failures="0" skipped="8" time="0" errors="0">
<testcase name="Accessibility Tests › sign in page accessibility" classname="accessibility.spec.ts" time="0">
<skipped>
</skipped>
</testcase>
<testcase name="Accessibility Tests › dashboard accessibility after login" classname="accessibility.spec.ts" time="0">
<skipped>
</skipped>
</testcase>
<testcase name="Accessibility Tests › form accessibility and error handling" classname="accessibility.spec.ts" time="0">
<skipped>
</skipped>
</testcase>
<testcase name="Accessibility Tests › navigation accessibility" classname="accessibility.spec.ts" time="0">
<skipped>
</skipped>
</testcase>
<testcase name="Accessibility Tests › color contrast and visual accessibility" classname="accessibility.spec.ts" time="0">
<skipped>
</skipped>
</testcase>
<testcase name="Accessibility Tests › screen reader compatibility" classname="accessibility.spec.ts" time="0">
<skipped>
</skipped>
</testcase>
<testcase name="Accessibility Tests › mobile accessibility" classname="accessibility.spec.ts" time="0">
<skipped>
</skipped>
</testcase>
<testcase name="Accessibility Tests › focus trap in modals" classname="accessibility.spec.ts" time="0">
<skipped>
</skipped>
</testcase>
</testsuite>
<testsuite name="admin-dashboard.spec.ts" timestamp="2025-08-12T10:04:44.765Z" hostname="webkit" tests="9" failures="0" skipped="9" time="0" errors="0">
<testcase name="Admin Dashboard › admin dashboard overview" classname="admin-dashboard.spec.ts" time="0">
<skipped>
</skipped>
</testcase>
<testcase name="Admin Dashboard › user management" classname="admin-dashboard.spec.ts" time="0">
<skipped>
</skipped>
</testcase>
<testcase name="Admin Dashboard › view user details and edit user" classname="admin-dashboard.spec.ts" time="0">
<skipped>
</skipped>
</testcase>
<testcase name="Admin Dashboard › system analytics" classname="admin-dashboard.spec.ts" time="0">
<skipped>
</skipped>
</testcase>
<testcase name="Admin Dashboard › system settings management" classname="admin-dashboard.spec.ts" time="0">
<skipped>
</skipped>
</testcase>
<testcase name="Admin Dashboard › manage session reports" classname="admin-dashboard.spec.ts" time="0">
<skipped>
</skipped>
</testcase>
<testcase name="Admin Dashboard › audit logs and monitoring" classname="admin-dashboard.spec.ts" time="0">
<skipped>
</skipped>
</testcase>
<testcase name="Admin Dashboard › backup and maintenance" classname="admin-dashboard.spec.ts" time="0">
<skipped>
</skipped>
</testcase>
<testcase name="Admin Dashboard › user role management" classname="admin-dashboard.spec.ts" time="0">
<skipped>
</skipped>
</testcase>
</testsuite>
<testsuite name="auth.spec.ts" timestamp="2025-08-12T10:04:44.765Z" hostname="webkit" tests="12" failures="0" skipped="12" time="0" errors="0">
<testcase name="Authentication Flow › complete signin flow" classname="auth.spec.ts" time="0">
<skipped>
</skipped>
</testcase>
<testcase name="Authentication Flow › signin validation errors" classname="auth.spec.ts" time="0">
<skipped>
</skipped>
</testcase>
<testcase name="Authentication Flow › signin error handling" classname="auth.spec.ts" time="0">
<skipped>
</skipped>
</testcase>
<testcase name="Authentication Flow › signup flow" classname="auth.spec.ts" time="0">
<skipped>
</skipped>
</testcase>
<testcase name="Authentication Flow › signout flow" classname="auth.spec.ts" time="0">
<skipped>
</skipped>
</testcase>
<testcase name="Authentication Flow › protected route access" classname="auth.spec.ts" time="0">
<skipped>
</skipped>
</testcase>
<testcase name="Authentication Flow › role-based access control" classname="auth.spec.ts" time="0">
<skipped>
</skipped>
</testcase>
<testcase name="Authentication Flow › session persistence" classname="auth.spec.ts" time="0">
<skipped>
</skipped>
</testcase>
<testcase name="Authentication Flow › password reset flow" classname="auth.spec.ts" time="0">
<skipped>
</skipped>
</testcase>
<testcase name="Authentication Flow › coach role-based access" classname="auth.spec.ts" time="0">
<skipped>
</skipped>
</testcase>
<testcase name="Authentication Flow › admin role-based access" classname="auth.spec.ts" time="0">
<skipped>
</skipped>
</testcase>
<testcase name="Authentication Flow › session timeout handling" classname="auth.spec.ts" time="0">
<skipped>
</skipped>
</testcase>
</testsuite>
<testsuite name="client-dashboard.spec.ts" timestamp="2025-08-12T10:04:44.765Z" hostname="webkit" tests="10" failures="0" skipped="10" time="0" errors="0">
<testcase name="Client Dashboard › client dashboard overview" classname="client-dashboard.spec.ts" time="0">
<skipped>
</skipped>
</testcase>
<testcase name="Client Dashboard › book new session from dashboard" classname="client-dashboard.spec.ts" time="0">
<skipped>
</skipped>
</testcase>
<testcase name="Client Dashboard › view session history" classname="client-dashboard.spec.ts" time="0">
<skipped>
</skipped>
</testcase>
<testcase name="Client Dashboard › access coaches page" classname="client-dashboard.spec.ts" time="0">
<skipped>
</skipped>
</testcase>
<testcase name="Client Dashboard › manage reflections" classname="client-dashboard.spec.ts" time="0">
<skipped>
</skipped>
</testcase>
<testcase name="Client Dashboard › view progress tracking" classname="client-dashboard.spec.ts" time="0">
<skipped>
</skipped>
</testcase>
<testcase name="Client Dashboard › update profile information" classname="client-dashboard.spec.ts" time="0">
<skipped>
</skipped>
</testcase>
<testcase name="Client Dashboard › notification settings" classname="client-dashboard.spec.ts" time="0">
<skipped>
</skipped>
</testcase>
<testcase name="Client Dashboard › language settings" classname="client-dashboard.spec.ts" time="0">
<skipped>
</skipped>
</testcase>
<testcase name="Client Dashboard › view session feedback" classname="client-dashboard.spec.ts" time="0">
<skipped>
</skipped>
</testcase>
</testsuite>
<testsuite name="coach-dashboard.spec.ts" timestamp="2025-08-12T10:04:44.765Z" hostname="webkit" tests="11" failures="0" skipped="11" time="0" errors="0">
<testcase name="Coach Dashboard › coach dashboard overview" classname="coach-dashboard.spec.ts" time="0">
<skipped>
</skipped>
</testcase>
<testcase name="Coach Dashboard › manage availability" classname="coach-dashboard.spec.ts" time="0">
<skipped>
</skipped>
</testcase>
<testcase name="Coach Dashboard › view and manage client notes" classname="coach-dashboard.spec.ts" time="0">
<skipped>
</skipped>
</testcase>
<testcase name="Coach Dashboard › search and filter notes" classname="coach-dashboard.spec.ts" time="0">
<skipped>
</skipped>
</testcase>
<testcase name="Coach Dashboard › session management from coach view" classname="coach-dashboard.spec.ts" time="0">
<skipped>
</skipped>
</testcase>
<testcase name="Coach Dashboard › mark session as completed" classname="coach-dashboard.spec.ts" time="0">
<skipped>
</skipped>
</testcase>
<testcase name="Coach Dashboard › view client progress and history" classname="coach-dashboard.spec.ts" time="0">
<skipped>
</skipped>
</testcase>
<testcase name="Coach Dashboard › coach statistics and analytics" classname="coach-dashboard.spec.ts" time="0">
<skipped>
</skipped>
</testcase>
<testcase name="Coach Dashboard › export coach data" classname="coach-dashboard.spec.ts" time="0">
<skipped>
</skipped>
</testcase>
<testcase name="Coach Dashboard › coach availability edit flow" classname="coach-dashboard.spec.ts" time="0">
<skipped>
</skipped>
</testcase>
<testcase name="Coach Dashboard › delete availability time slot" classname="coach-dashboard.spec.ts" time="0">
<skipped>
</skipped>
</testcase>
</testsuite>
<testsuite name="session-booking.spec.ts" timestamp="2025-08-12T10:04:44.765Z" hostname="webkit" tests="11" failures="0" skipped="11" time="0" errors="0">
<testcase name="Session Booking Flow › complete session booking flow" classname="session-booking.spec.ts" time="0">
<skipped>
</skipped>
</testcase>
<testcase name="Session Booking Flow › session booking validation" classname="session-booking.spec.ts" time="0">
<skipped>
</skipped>
</testcase>
<testcase name="Session Booking Flow › time slot updates when coach changes" classname="session-booking.spec.ts" time="0">
<skipped>
</skipped>
</testcase>
<testcase name="Session Booking Flow › unavailable time slots are not selectable" classname="session-booking.spec.ts" time="0">
<skipped>
</skipped>
</testcase>
<testcase name="Session Booking Flow › session booking error handling" classname="session-booking.spec.ts" time="0">
<skipped>
</skipped>
</testcase>
<testcase name="Session Booking Flow › view session details" classname="session-booking.spec.ts" time="0">
<skipped>
</skipped>
</testcase>
<testcase name="Session Booking Flow › cancel session booking" classname="session-booking.spec.ts" time="0">
<skipped>
</skipped>
</testcase>
<testcase name="Session Booking Flow › reschedule session" classname="session-booking.spec.ts" time="0">
<skipped>
</skipped>
</testcase>
<testcase name="Session Booking Flow › session filters and search" classname="session-booking.spec.ts" time="0">
<skipped>
</skipped>
</testcase>
<testcase name="Session Booking Flow › session reminders and notifications" classname="session-booking.spec.ts" time="0">
<skipped>
</skipped>
</testcase>
<testcase name="Session Booking Flow › booking confirmation and summary" classname="session-booking.spec.ts" time="0">
<skipped>
</skipped>
</testcase>
</testsuite>
<testsuite name="session-lifecycle.spec.ts" timestamp="2025-08-12T10:04:44.765Z" hostname="webkit" tests="5" failures="0" skipped="5" time="0" errors="0">
<testcase name="Session Lifecycle End-to-End › complete session workflow: book → start → complete" classname="session-lifecycle.spec.ts" time="0">
<skipped>
</skipped>
</testcase>
<testcase name="Session Lifecycle End-to-End › session cancellation workflow" classname="session-lifecycle.spec.ts" time="0">
<skipped>
</skipped>
</testcase>
<testcase name="Session Lifecycle End-to-End › session state validation" classname="session-lifecycle.spec.ts" time="0">
<skipped>
</skipped>
</testcase>
<testcase name="Session Lifecycle End-to-End › unified booking component variants" classname="session-lifecycle.spec.ts" time="0">
<skipped>
</skipped>
</testcase>
<testcase name="Session Lifecycle End-to-End › session permissions and access control" classname="session-lifecycle.spec.ts" time="0">
<skipped>
</skipped>
</testcase>
</testsuite>
<testsuite name="accessibility.spec.ts" timestamp="2025-08-12T10:04:44.765Z" hostname="Mobile Chrome" tests="8" failures="0" skipped="8" time="0" errors="0">
<testcase name="Accessibility Tests › sign in page accessibility" classname="accessibility.spec.ts" time="0">
<skipped>
</skipped>
</testcase>
<testcase name="Accessibility Tests › dashboard accessibility after login" classname="accessibility.spec.ts" time="0">
<skipped>
</skipped>
</testcase>
<testcase name="Accessibility Tests › form accessibility and error handling" classname="accessibility.spec.ts" time="0">
<skipped>
</skipped>
</testcase>
<testcase name="Accessibility Tests › navigation accessibility" classname="accessibility.spec.ts" time="0">
<skipped>
</skipped>
</testcase>
<testcase name="Accessibility Tests › color contrast and visual accessibility" classname="accessibility.spec.ts" time="0">
<skipped>
</skipped>
</testcase>
<testcase name="Accessibility Tests › screen reader compatibility" classname="accessibility.spec.ts" time="0">
<skipped>
</skipped>
</testcase>
<testcase name="Accessibility Tests › mobile accessibility" classname="accessibility.spec.ts" time="0">
<skipped>
</skipped>
</testcase>
<testcase name="Accessibility Tests › focus trap in modals" classname="accessibility.spec.ts" time="0">
<skipped>
</skipped>
</testcase>
</testsuite>
<testsuite name="admin-dashboard.spec.ts" timestamp="2025-08-12T10:04:44.765Z" hostname="Mobile Chrome" tests="9" failures="0" skipped="9" time="0" errors="0">
<testcase name="Admin Dashboard › admin dashboard overview" classname="admin-dashboard.spec.ts" time="0">
<skipped>
</skipped>
</testcase>
<testcase name="Admin Dashboard › user management" classname="admin-dashboard.spec.ts" time="0">
<skipped>
</skipped>
</testcase>
<testcase name="Admin Dashboard › view user details and edit user" classname="admin-dashboard.spec.ts" time="0">
<skipped>
</skipped>
</testcase>
<testcase name="Admin Dashboard › system analytics" classname="admin-dashboard.spec.ts" time="0">
<skipped>
</skipped>
</testcase>
<testcase name="Admin Dashboard › system settings management" classname="admin-dashboard.spec.ts" time="0">
<skipped>
</skipped>
</testcase>
<testcase name="Admin Dashboard › manage session reports" classname="admin-dashboard.spec.ts" time="0">
<skipped>
</skipped>
</testcase>
<testcase name="Admin Dashboard › audit logs and monitoring" classname="admin-dashboard.spec.ts" time="0">
<skipped>
</skipped>
</testcase>
<testcase name="Admin Dashboard › backup and maintenance" classname="admin-dashboard.spec.ts" time="0">
<skipped>
</skipped>
</testcase>
<testcase name="Admin Dashboard › user role management" classname="admin-dashboard.spec.ts" time="0">
<skipped>
</skipped>
</testcase>
</testsuite>
<testsuite name="auth.spec.ts" timestamp="2025-08-12T10:04:44.765Z" hostname="Mobile Chrome" tests="12" failures="0" skipped="12" time="0" errors="0">
<testcase name="Authentication Flow › complete signin flow" classname="auth.spec.ts" time="0">
<skipped>
</skipped>
</testcase>
<testcase name="Authentication Flow › signin validation errors" classname="auth.spec.ts" time="0">
<skipped>
</skipped>
</testcase>
<testcase name="Authentication Flow › signin error handling" classname="auth.spec.ts" time="0">
<skipped>
</skipped>
</testcase>
<testcase name="Authentication Flow › signup flow" classname="auth.spec.ts" time="0">
<skipped>
</skipped>
</testcase>
<testcase name="Authentication Flow › signout flow" classname="auth.spec.ts" time="0">
<skipped>
</skipped>
</testcase>
<testcase name="Authentication Flow › protected route access" classname="auth.spec.ts" time="0">
<skipped>
</skipped>
</testcase>
<testcase name="Authentication Flow › role-based access control" classname="auth.spec.ts" time="0">
<skipped>
</skipped>
</testcase>
<testcase name="Authentication Flow › session persistence" classname="auth.spec.ts" time="0">
<skipped>
</skipped>
</testcase>
<testcase name="Authentication Flow › password reset flow" classname="auth.spec.ts" time="0">
<skipped>
</skipped>
</testcase>
<testcase name="Authentication Flow › coach role-based access" classname="auth.spec.ts" time="0">
<skipped>
</skipped>
</testcase>
<testcase name="Authentication Flow › admin role-based access" classname="auth.spec.ts" time="0">
<skipped>
</skipped>
</testcase>
<testcase name="Authentication Flow › session timeout handling" classname="auth.spec.ts" time="0">
<skipped>
</skipped>
</testcase>
</testsuite>
<testsuite name="client-dashboard.spec.ts" timestamp="2025-08-12T10:04:44.765Z" hostname="Mobile Chrome" tests="10" failures="0" skipped="10" time="0" errors="0">
<testcase name="Client Dashboard › client dashboard overview" classname="client-dashboard.spec.ts" time="0">
<skipped>
</skipped>
</testcase>
<testcase name="Client Dashboard › book new session from dashboard" classname="client-dashboard.spec.ts" time="0">
<skipped>
</skipped>
</testcase>
<testcase name="Client Dashboard › view session history" classname="client-dashboard.spec.ts" time="0">
<skipped>
</skipped>
</testcase>
<testcase name="Client Dashboard › access coaches page" classname="client-dashboard.spec.ts" time="0">
<skipped>
</skipped>
</testcase>
<testcase name="Client Dashboard › manage reflections" classname="client-dashboard.spec.ts" time="0">
<skipped>
</skipped>
</testcase>
<testcase name="Client Dashboard › view progress tracking" classname="client-dashboard.spec.ts" time="0">
<skipped>
</skipped>
</testcase>
<testcase name="Client Dashboard › update profile information" classname="client-dashboard.spec.ts" time="0">
<skipped>
</skipped>
</testcase>
<testcase name="Client Dashboard › notification settings" classname="client-dashboard.spec.ts" time="0">
<skipped>
</skipped>
</testcase>
<testcase name="Client Dashboard › language settings" classname="client-dashboard.spec.ts" time="0">
<skipped>
</skipped>
</testcase>
<testcase name="Client Dashboard › view session feedback" classname="client-dashboard.spec.ts" time="0">
<skipped>
</skipped>
</testcase>
</testsuite>
<testsuite name="coach-dashboard.spec.ts" timestamp="2025-08-12T10:04:44.765Z" hostname="Mobile Chrome" tests="11" failures="0" skipped="11" time="0" errors="0">
<testcase name="Coach Dashboard › coach dashboard overview" classname="coach-dashboard.spec.ts" time="0">
<skipped>
</skipped>
</testcase>
<testcase name="Coach Dashboard › manage availability" classname="coach-dashboard.spec.ts" time="0">
<skipped>
</skipped>
</testcase>
<testcase name="Coach Dashboard › view and manage client notes" classname="coach-dashboard.spec.ts" time="0">
<skipped>
</skipped>
</testcase>
<testcase name="Coach Dashboard › search and filter notes" classname="coach-dashboard.spec.ts" time="0">
<skipped>
</skipped>
</testcase>
<testcase name="Coach Dashboard › session management from coach view" classname="coach-dashboard.spec.ts" time="0">
<skipped>
</skipped>
</testcase>
<testcase name="Coach Dashboard › mark session as completed" classname="coach-dashboard.spec.ts" time="0">
<skipped>
</skipped>
</testcase>
<testcase name="Coach Dashboard › view client progress and history" classname="coach-dashboard.spec.ts" time="0">
<skipped>
</skipped>
</testcase>
<testcase name="Coach Dashboard › coach statistics and analytics" classname="coach-dashboard.spec.ts" time="0">
<skipped>
</skipped>
</testcase>
<testcase name="Coach Dashboard › export coach data" classname="coach-dashboard.spec.ts" time="0">
<skipped>
</skipped>
</testcase>
<testcase name="Coach Dashboard › coach availability edit flow" classname="coach-dashboard.spec.ts" time="0">
<skipped>
</skipped>
</testcase>
<testcase name="Coach Dashboard › delete availability time slot" classname="coach-dashboard.spec.ts" time="0">
<skipped>
</skipped>
</testcase>
</testsuite>
<testsuite name="session-booking.spec.ts" timestamp="2025-08-12T10:04:44.765Z" hostname="Mobile Chrome" tests="11" failures="0" skipped="11" time="0" errors="0">
<testcase name="Session Booking Flow › complete session booking flow" classname="session-booking.spec.ts" time="0">
<skipped>
</skipped>
</testcase>
<testcase name="Session Booking Flow › session booking validation" classname="session-booking.spec.ts" time="0">
<skipped>
</skipped>
</testcase>
<testcase name="Session Booking Flow › time slot updates when coach changes" classname="session-booking.spec.ts" time="0">
<skipped>
</skipped>
</testcase>
<testcase name="Session Booking Flow › unavailable time slots are not selectable" classname="session-booking.spec.ts" time="0">
<skipped>
</skipped>
</testcase>
<testcase name="Session Booking Flow › session booking error handling" classname="session-booking.spec.ts" time="0">
<skipped>
</skipped>
</testcase>
<testcase name="Session Booking Flow › view session details" classname="session-booking.spec.ts" time="0">
<skipped>
</skipped>
</testcase>
<testcase name="Session Booking Flow › cancel session booking" classname="session-booking.spec.ts" time="0">
<skipped>
</skipped>
</testcase>
<testcase name="Session Booking Flow › reschedule session" classname="session-booking.spec.ts" time="0">
<skipped>
</skipped>
</testcase>
<testcase name="Session Booking Flow › session filters and search" classname="session-booking.spec.ts" time="0">
<skipped>
</skipped>
</testcase>
<testcase name="Session Booking Flow › session reminders and notifications" classname="session-booking.spec.ts" time="0">
<skipped>
</skipped>
</testcase>
<testcase name="Session Booking Flow › booking confirmation and summary" classname="session-booking.spec.ts" time="0">
<skipped>
</skipped>
</testcase>
</testsuite>
<testsuite name="session-lifecycle.spec.ts" timestamp="2025-08-12T10:04:44.765Z" hostname="Mobile Chrome" tests="5" failures="0" skipped="5" time="0" errors="0">
<testcase name="Session Lifecycle End-to-End › complete session workflow: book → start → complete" classname="session-lifecycle.spec.ts" time="0">
<skipped>
</skipped>
</testcase>
<testcase name="Session Lifecycle End-to-End › session cancellation workflow" classname="session-lifecycle.spec.ts" time="0">
<skipped>
</skipped>
</testcase>
<testcase name="Session Lifecycle End-to-End › session state validation" classname="session-lifecycle.spec.ts" time="0">
<skipped>
</skipped>
</testcase>
<testcase name="Session Lifecycle End-to-End › unified booking component variants" classname="session-lifecycle.spec.ts" time="0">
<skipped>
</skipped>
</testcase>
<testcase name="Session Lifecycle End-to-End › session permissions and access control" classname="session-lifecycle.spec.ts" time="0">
<skipped>
</skipped>
</testcase>
</testsuite>
<testsuite name="accessibility.spec.ts" timestamp="2025-08-12T10:04:44.765Z" hostname="Mobile Safari" tests="8" failures="0" skipped="8" time="0" errors="0">
<testcase name="Accessibility Tests › sign in page accessibility" classname="accessibility.spec.ts" time="0">
<skipped>
</skipped>
</testcase>
<testcase name="Accessibility Tests › dashboard accessibility after login" classname="accessibility.spec.ts" time="0">
<skipped>
</skipped>
</testcase>
<testcase name="Accessibility Tests › form accessibility and error handling" classname="accessibility.spec.ts" time="0">
<skipped>
</skipped>
</testcase>
<testcase name="Accessibility Tests › navigation accessibility" classname="accessibility.spec.ts" time="0">
<skipped>
</skipped>
</testcase>
<testcase name="Accessibility Tests › color contrast and visual accessibility" classname="accessibility.spec.ts" time="0">
<skipped>
</skipped>
</testcase>
<testcase name="Accessibility Tests › screen reader compatibility" classname="accessibility.spec.ts" time="0">
<skipped>
</skipped>
</testcase>
<testcase name="Accessibility Tests › mobile accessibility" classname="accessibility.spec.ts" time="0">
<skipped>
</skipped>
</testcase>
<testcase name="Accessibility Tests › focus trap in modals" classname="accessibility.spec.ts" time="0">
<skipped>
</skipped>
</testcase>
</testsuite>
<testsuite name="admin-dashboard.spec.ts" timestamp="2025-08-12T10:04:44.765Z" hostname="Mobile Safari" tests="9" failures="0" skipped="9" time="0" errors="0">
<testcase name="Admin Dashboard › admin dashboard overview" classname="admin-dashboard.spec.ts" time="0">
<skipped>
</skipped>
</testcase>
<testcase name="Admin Dashboard › user management" classname="admin-dashboard.spec.ts" time="0">
<skipped>
</skipped>
</testcase>
<testcase name="Admin Dashboard › view user details and edit user" classname="admin-dashboard.spec.ts" time="0">
<skipped>
</skipped>
</testcase>
<testcase name="Admin Dashboard › system analytics" classname="admin-dashboard.spec.ts" time="0">
<skipped>
</skipped>
</testcase>
<testcase name="Admin Dashboard › system settings management" classname="admin-dashboard.spec.ts" time="0">
<skipped>
</skipped>
</testcase>
<testcase name="Admin Dashboard › manage session reports" classname="admin-dashboard.spec.ts" time="0">
<skipped>
</skipped>
</testcase>
<testcase name="Admin Dashboard › audit logs and monitoring" classname="admin-dashboard.spec.ts" time="0">
<skipped>
</skipped>
</testcase>
<testcase name="Admin Dashboard › backup and maintenance" classname="admin-dashboard.spec.ts" time="0">
<skipped>
</skipped>
</testcase>
<testcase name="Admin Dashboard › user role management" classname="admin-dashboard.spec.ts" time="0">
<skipped>
</skipped>
</testcase>
</testsuite>
<testsuite name="auth.spec.ts" timestamp="2025-08-12T10:04:44.765Z" hostname="Mobile Safari" tests="12" failures="0" skipped="12" time="0" errors="0">
<testcase name="Authentication Flow › complete signin flow" classname="auth.spec.ts" time="0">
<skipped>
</skipped>
</testcase>
<testcase name="Authentication Flow › signin validation errors" classname="auth.spec.ts" time="0">
<skipped>
</skipped>
</testcase>
<testcase name="Authentication Flow › signin error handling" classname="auth.spec.ts" time="0">
<skipped>
</skipped>
</testcase>
<testcase name="Authentication Flow › signup flow" classname="auth.spec.ts" time="0">
<skipped>
</skipped>
</testcase>
<testcase name="Authentication Flow › signout flow" classname="auth.spec.ts" time="0">
<skipped>
</skipped>
</testcase>
<testcase name="Authentication Flow › protected route access" classname="auth.spec.ts" time="0">
<skipped>
</skipped>
</testcase>
<testcase name="Authentication Flow › role-based access control" classname="auth.spec.ts" time="0">
<skipped>
</skipped>
</testcase>
<testcase name="Authentication Flow › session persistence" classname="auth.spec.ts" time="0">
<skipped>
</skipped>
</testcase>
<testcase name="Authentication Flow › password reset flow" classname="auth.spec.ts" time="0">
<skipped>
</skipped>
</testcase>
<testcase name="Authentication Flow › coach role-based access" classname="auth.spec.ts" time="0">
<skipped>
</skipped>
</testcase>
<testcase name="Authentication Flow › admin role-based access" classname="auth.spec.ts" time="0">
<skipped>
</skipped>
</testcase>
<testcase name="Authentication Flow › session timeout handling" classname="auth.spec.ts" time="0">
<skipped>
</skipped>
</testcase>
</testsuite>
<testsuite name="client-dashboard.spec.ts" timestamp="2025-08-12T10:04:44.765Z" hostname="Mobile Safari" tests="10" failures="0" skipped="10" time="0" errors="0">
<testcase name="Client Dashboard › client dashboard overview" classname="client-dashboard.spec.ts" time="0">
<skipped>
</skipped>
</testcase>
<testcase name="Client Dashboard › book new session from dashboard" classname="client-dashboard.spec.ts" time="0">
<skipped>
</skipped>
</testcase>
<testcase name="Client Dashboard › view session history" classname="client-dashboard.spec.ts" time="0">
<skipped>
</skipped>
</testcase>
<testcase name="Client Dashboard › access coaches page" classname="client-dashboard.spec.ts" time="0">
<skipped>
</skipped>
</testcase>
<testcase name="Client Dashboard › manage reflections" classname="client-dashboard.spec.ts" time="0">
<skipped>
</skipped>
</testcase>
<testcase name="Client Dashboard › view progress tracking" classname="client-dashboard.spec.ts" time="0">
<skipped>
</skipped>
</testcase>
<testcase name="Client Dashboard › update profile information" classname="client-dashboard.spec.ts" time="0">
<skipped>
</skipped>
</testcase>
<testcase name="Client Dashboard › notification settings" classname="client-dashboard.spec.ts" time="0">
<skipped>
</skipped>
</testcase>
<testcase name="Client Dashboard › language settings" classname="client-dashboard.spec.ts" time="0">
<skipped>
</skipped>
</testcase>
<testcase name="Client Dashboard › view session feedback" classname="client-dashboard.spec.ts" time="0">
<skipped>
</skipped>
</testcase>
</testsuite>
<testsuite name="coach-dashboard.spec.ts" timestamp="2025-08-12T10:04:44.765Z" hostname="Mobile Safari" tests="11" failures="0" skipped="11" time="0" errors="0">
<testcase name="Coach Dashboard › coach dashboard overview" classname="coach-dashboard.spec.ts" time="0">
<skipped>
</skipped>
</testcase>
<testcase name="Coach Dashboard › manage availability" classname="coach-dashboard.spec.ts" time="0">
<skipped>
</skipped>
</testcase>
<testcase name="Coach Dashboard › view and manage client notes" classname="coach-dashboard.spec.ts" time="0">
<skipped>
</skipped>
</testcase>
<testcase name="Coach Dashboard › search and filter notes" classname="coach-dashboard.spec.ts" time="0">
<skipped>
</skipped>
</testcase>
<testcase name="Coach Dashboard › session management from coach view" classname="coach-dashboard.spec.ts" time="0">
<skipped>
</skipped>
</testcase>
<testcase name="Coach Dashboard › mark session as completed" classname="coach-dashboard.spec.ts" time="0">
<skipped>
</skipped>
</testcase>
<testcase name="Coach Dashboard › view client progress and history" classname="coach-dashboard.spec.ts" time="0">
<skipped>
</skipped>
</testcase>
<testcase name="Coach Dashboard › coach statistics and analytics" classname="coach-dashboard.spec.ts" time="0">
<skipped>
</skipped>
</testcase>
<testcase name="Coach Dashboard › export coach data" classname="coach-dashboard.spec.ts" time="0">
<skipped>
</skipped>
</testcase>
<testcase name="Coach Dashboard › coach availability edit flow" classname="coach-dashboard.spec.ts" time="0">
<skipped>
</skipped>
</testcase>
<testcase name="Coach Dashboard › delete availability time slot" classname="coach-dashboard.spec.ts" time="0">
<skipped>
</skipped>
</testcase>
</testsuite>
<testsuite name="session-booking.spec.ts" timestamp="2025-08-12T10:04:44.765Z" hostname="Mobile Safari" tests="11" failures="0" skipped="11" time="0" errors="0">
<testcase name="Session Booking Flow › complete session booking flow" classname="session-booking.spec.ts" time="0">
<skipped>
</skipped>
</testcase>
<testcase name="Session Booking Flow › session booking validation" classname="session-booking.spec.ts" time="0">
<skipped>
</skipped>
</testcase>
<testcase name="Session Booking Flow › time slot updates when coach changes" classname="session-booking.spec.ts" time="0">
<skipped>
</skipped>
</testcase>
<testcase name="Session Booking Flow › unavailable time slots are not selectable" classname="session-booking.spec.ts" time="0">
<skipped>
</skipped>
</testcase>
<testcase name="Session Booking Flow › session booking error handling" classname="session-booking.spec.ts" time="0">
<skipped>
</skipped>
</testcase>
<testcase name="Session Booking Flow › view session details" classname="session-booking.spec.ts" time="0">
<skipped>
</skipped>
</testcase>
<testcase name="Session Booking Flow › cancel session booking" classname="session-booking.spec.ts" time="0">
<skipped>
</skipped>
</testcase>
<testcase name="Session Booking Flow › reschedule session" classname="session-booking.spec.ts" time="0">
<skipped>
</skipped>
</testcase>
<testcase name="Session Booking Flow › session filters and search" classname="session-booking.spec.ts" time="0">
<skipped>
</skipped>
</testcase>
<testcase name="Session Booking Flow › session reminders and notifications" classname="session-booking.spec.ts" time="0">
<skipped>
</skipped>
</testcase>
<testcase name="Session Booking Flow › booking confirmation and summary" classname="session-booking.spec.ts" time="0">
<skipped>
</skipped>
</testcase>
</testsuite>
<testsuite name="session-lifecycle.spec.ts" timestamp="2025-08-12T10:04:44.765Z" hostname="Mobile Safari" tests="5" failures="0" skipped="5" time="0" errors="0">
<testcase name="Session Lifecycle End-to-End › complete session workflow: book → start → complete" classname="session-lifecycle.spec.ts" time="0">
<skipped>
</skipped>
</testcase>
<testcase name="Session Lifecycle End-to-End › session cancellation workflow" classname="session-lifecycle.spec.ts" time="0">
<skipped>
</skipped>
</testcase>
<testcase name="Session Lifecycle End-to-End › session state validation" classname="session-lifecycle.spec.ts" time="0">
<skipped>
</skipped>
</testcase>
<testcase name="Session Lifecycle End-to-End › unified booking component variants" classname="session-lifecycle.spec.ts" time="0">
<skipped>
</skipped>
</testcase>
<testcase name="Session Lifecycle End-to-End › session permissions and access control" classname="session-lifecycle.spec.ts" time="0">
<skipped>
</skipped>
</testcase>
</testsuite>
</testsuites>